Archive member included to satisfy reference by file (symbol)

c:/program files (x86)/atmel/studio/7.0/toolchain/avr8/avr8-gnu-toolchain/bin/../lib/gcc/avr/5.4.0/../../../../avr/lib/avr51\libm.a(addsf3.o)
                              libscpi/src/utils.o (__addsf3)
c:/program files (x86)/atmel/studio/7.0/toolchain/avr8/avr8-gnu-toolchain/bin/../lib/gcc/avr/5.4.0/../../../../avr/lib/avr51\libm.a(addsf3x.o)
                              c:/program files (x86)/atmel/studio/7.0/toolchain/avr8/avr8-gnu-toolchain/bin/../lib/gcc/avr/5.4.0/../../../../avr/lib/avr51\libm.a(addsf3.o) (__addsf3x)
c:/program files (x86)/atmel/studio/7.0/toolchain/avr8/avr8-gnu-toolchain/bin/../lib/gcc/avr/5.4.0/../../../../avr/lib/avr51\libm.a(cmpsf2.o)
                              libscpi/src/units.o (__eqsf2)
c:/program files (x86)/atmel/studio/7.0/toolchain/avr8/avr8-gnu-toolchain/bin/../lib/gcc/avr/5.4.0/../../../../avr/lib/avr51\libm.a(divsf3.o)
                              libscpi/src/utils.o (__divsf3)
c:/program files (x86)/atmel/studio/7.0/toolchain/avr8/avr8-gnu-toolchain/bin/../lib/gcc/avr/5.4.0/../../../../avr/lib/avr51\libm.a(divsf3x.o)
                              c:/program files (x86)/atmel/studio/7.0/toolchain/avr8/avr8-gnu-toolchain/bin/../lib/gcc/avr/5.4.0/../../../../avr/lib/avr51\libm.a(divsf3.o) (__divsf3x)
c:/program files (x86)/atmel/studio/7.0/toolchain/avr8/avr8-gnu-toolchain/bin/../lib/gcc/avr/5.4.0/../../../../avr/lib/avr51\libm.a(fixsfsi.o)
                              libscpi/src/utils.o (__fixsfsi)
c:/program files (x86)/atmel/studio/7.0/toolchain/avr8/avr8-gnu-toolchain/bin/../lib/gcc/avr/5.4.0/../../../../avr/lib/avr51\libm.a(fixunssfsi.o)
                              c:/program files (x86)/atmel/studio/7.0/toolchain/avr8/avr8-gnu-toolchain/bin/../lib/gcc/avr/5.4.0/../../../../avr/lib/avr51\libm.a(fixsfsi.o) (__fixunssfsi)
c:/program files (x86)/atmel/studio/7.0/toolchain/avr8/avr8-gnu-toolchain/bin/../lib/gcc/avr/5.4.0/../../../../avr/lib/avr51\libm.a(floatsisf.o)
                              libscpi/src/parser.o (__floatunsisf)
c:/program files (x86)/atmel/studio/7.0/toolchain/avr8/avr8-gnu-toolchain/bin/../lib/gcc/avr/5.4.0/../../../../avr/lib/avr51\libm.a(floatundisf.o)
                              libscpi/src/parser.o (__floatundisf)
c:/program files (x86)/atmel/studio/7.0/toolchain/avr8/avr8-gnu-toolchain/bin/../lib/gcc/avr/5.4.0/../../../../avr/lib/avr51\libm.a(fp_cmp.o)
                              c:/program files (x86)/atmel/studio/7.0/toolchain/avr8/avr8-gnu-toolchain/bin/../lib/gcc/avr/5.4.0/../../../../avr/lib/avr51\libm.a(cmpsf2.o) (__fp_cmp)
c:/program files (x86)/atmel/studio/7.0/toolchain/avr8/avr8-gnu-toolchain/bin/../lib/gcc/avr/5.4.0/../../../../avr/lib/avr51\libm.a(fp_inf.o)
                              c:/program files (x86)/atmel/studio/7.0/toolchain/avr8/avr8-gnu-toolchain/bin/../lib/gcc/avr/5.4.0/../../../../avr/lib/avr51\libm.a(addsf3x.o) (__fp_inf)
c:/program files (x86)/atmel/studio/7.0/toolchain/avr8/avr8-gnu-toolchain/bin/../lib/gcc/avr/5.4.0/../../../../avr/lib/avr51\libm.a(fp_nan.o)
                              c:/program files (x86)/atmel/studio/7.0/toolchain/avr8/avr8-gnu-toolchain/bin/../lib/gcc/avr/5.4.0/../../../../avr/lib/avr51\libm.a(addsf3x.o) (__fp_nan)
c:/program files (x86)/atmel/studio/7.0/toolchain/avr8/avr8-gnu-toolchain/bin/../lib/gcc/avr/5.4.0/../../../../avr/lib/avr51\libm.a(fp_pscA.o)
                              c:/program files (x86)/atmel/studio/7.0/toolchain/avr8/avr8-gnu-toolchain/bin/../lib/gcc/avr/5.4.0/../../../../avr/lib/avr51\libm.a(addsf3x.o) (__fp_pscA)
c:/program files (x86)/atmel/studio/7.0/toolchain/avr8/avr8-gnu-toolchain/bin/../lib/gcc/avr/5.4.0/../../../../avr/lib/avr51\libm.a(fp_pscB.o)
                              c:/program files (x86)/atmel/studio/7.0/toolchain/avr8/avr8-gnu-toolchain/bin/../lib/gcc/avr/5.4.0/../../../../avr/lib/avr51\libm.a(addsf3x.o) (__fp_pscB)
c:/program files (x86)/atmel/studio/7.0/toolchain/avr8/avr8-gnu-toolchain/bin/../lib/gcc/avr/5.4.0/../../../../avr/lib/avr51\libm.a(fp_round.o)
                              c:/program files (x86)/atmel/studio/7.0/toolchain/avr8/avr8-gnu-toolchain/bin/../lib/gcc/avr/5.4.0/../../../../avr/lib/avr51\libm.a(addsf3.o) (__fp_round)
c:/program files (x86)/atmel/studio/7.0/toolchain/avr8/avr8-gnu-toolchain/bin/../lib/gcc/avr/5.4.0/../../../../avr/lib/avr51\libm.a(fp_split3.o)
                              c:/program files (x86)/atmel/studio/7.0/toolchain/avr8/avr8-gnu-toolchain/bin/../lib/gcc/avr/5.4.0/../../../../avr/lib/avr51\libm.a(addsf3x.o) (__fp_split3)
c:/program files (x86)/atmel/studio/7.0/toolchain/avr8/avr8-gnu-toolchain/bin/../lib/gcc/avr/5.4.0/../../../../avr/lib/avr51\libm.a(fp_zero.o)
                              c:/program files (x86)/atmel/studio/7.0/toolchain/avr8/avr8-gnu-toolchain/bin/../lib/gcc/avr/5.4.0/../../../../avr/lib/avr51\libm.a(addsf3x.o) (__fp_zero)
[...]
Memory Configuration

Name             Origin             Length             Attributes
text             0x00000000         0x00020000         xr
data             0x00800100         0x0000ff00         rw !x
eeprom           0x00810000         0x00010000         rw !x
fuse             0x00820000         0x00000003         rw !x
lock             0x00830000         0x00000400         rw !x
signature        0x00840000         0x00000400         rw !x
user_signatures  0x00850000         0x00000400         rw !x
*default*        0x00000000         0xffffffff

Linker script and memory map

Address of section .data set to 0x800100
LOAD C:/Program Files (x86)/Atmel/Studio/7.0/Packs/atmel/ATmega_DFP/1.2.209/gcc/dev/at90usb1287/avr51/crtat90usb1287.o
LOAD libscpi/src/error.o
LOAD libscpi/src/expression.o
LOAD libscpi/src/fifo.o
LOAD libscpi/src/ieee488.o
LOAD libscpi/src/lexer.o
LOAD libscpi/src/minimal.o
LOAD libscpi/src/parser.o
LOAD libscpi/src/units.o
LOAD libscpi/src/utils.o
LOAD src/Descriptors.o
LOAD src/LUFA/LUFA/Drivers/USB/Class/Common/HIDParser.o
LOAD src/LUFA/LUFA/Drivers/USB/Core/AVR8/Device_AVR8.o
LOAD src/LUFA/LUFA/Drivers/USB/Core/AVR8/EndpointStream_AVR8.o
LOAD src/LUFA/LUFA/Drivers/USB/Core/AVR8/Endpoint_AVR8.o
LOAD src/LUFA/LUFA/Drivers/USB/Core/AVR8/Host_AVR8.o
LOAD src/LUFA/LUFA/Drivers/USB/Core/AVR8/PipeStream_AVR8.o
LOAD src/LUFA/LUFA/Drivers/USB/Core/AVR8/Pipe_AVR8.o
LOAD src/LUFA/LUFA/Drivers/USB/Core/AVR8/Template/Template_Endpoint_Control_R.o
LOAD src/LUFA/LUFA/Drivers/USB/Core/AVR8/Template/Template_Endpoint_Control_W.o
LOAD src/LUFA/LUFA/Drivers/USB/Core/AVR8/Template/Template_Endpoint_RW.o
LOAD src/LUFA/LUFA/Drivers/USB/Core/AVR8/Template/Template_Pipe_RW.o
LOAD src/LUFA/LUFA/Drivers/USB/Core/AVR8/USBController_AVR8.o
LOAD src/LUFA/LUFA/Drivers/USB/Core/AVR8/USBInterrupt_AVR8.o
LOAD src/LUFA/LUFA/Drivers/USB/Core/ConfigDescriptors.o
LOAD src/LUFA/LUFA/Drivers/USB/Core/DeviceStandardReq.o
LOAD src/LUFA/LUFA/Drivers/USB/Core/Events.o
LOAD src/LUFA/LUFA/Drivers/USB/Core/HostStandardReq.o
LOAD src/LUFA/LUFA/Drivers/USB/Core/USBTask.o
LOAD src/LUFA/LUFA/Drivers/USB/Class/Host/StillImageClassHost.o
LOAD src/LUFA/LUFA/Drivers/USB/Class/Device/RNDISClassDevice.o
LOAD src/LUFA/LUFA/Drivers/USB/Class/Host/RNDISClassHost.o
LOAD src/LUFA/LUFA/Drivers/USB/Class/Device/PrinterClassDevice.o
LOAD src/LUFA/LUFA/Drivers/USB/Class/Host/PrinterClassHost.o
LOAD src/LUFA/LUFA/Drivers/USB/Class/Device/MassStorageClassDevice.o
LOAD src/LUFA/LUFA/Drivers/USB/Class/Host/MassStorageClassHost.o
LOAD src/LUFA/LUFA/Drivers/USB/Class/Device/MIDIClassDevice.o
LOAD src/LUFA/LUFA/Drivers/USB/Class/Host/MIDIClassHost.o
LOAD src/LUFA/LUFA/Drivers/USB/Class/Device/HIDClassDevice.o
LOAD src/LUFA/LUFA/Drivers/USB/Class/Host/HIDClassHost.o
LOAD src/LUFA/LUFA/Drivers/USB/Class/Device/CDCClassDevice.o
LOAD src/LUFA/LUFA/Drivers/USB/Class/Host/CDCClassHost.o
LOAD src/LUFA/LUFA/Drivers/USB/Class/Device/AudioClassDevice.o
LOAD src/LUFA/LUFA/Drivers/USB/Class/Host/AudioClassHost.o
LOAD src/LUFA/LUFA/Drivers/USB/Class/Host/AndroidAccessoryClassHost.o
LOAD src/ASF/common/boards/user_board/init.o
LOAD src/main.o
START GROUP
LOAD c:/program files (x86)/atmel/studio/7.0/toolchain/avr8/avr8-gnu-toolchain/bin/../lib/gcc/avr/5.4.0/../../../../avr/lib/avr51\libm.a
END GROUP
START GROUP
LOAD c:/program files (x86)/atmel/studio/7.0/toolchain/avr8/avr8-gnu-toolchain/bin/../lib/gcc/avr/5.4.0/avr51\libgcc.a
LOAD c:/program files (x86)/atmel/studio/7.0/toolchain/avr8/avr8-gnu-toolchain/bin/../lib/gcc/avr/5.4.0/../../../../avr/lib/avr51\libm.a
LOAD c:/program files (x86)/atmel/studio/7.0/toolchain/avr8/avr8-gnu-toolchain/bin/../lib/gcc/avr/5.4.0/../../../../avr/lib/avr51\libc.a
LOAD C:/Program Files (x86)/Atmel/Studio/7.0/Packs/atmel/ATmega_DFP/1.2.209/gcc/dev/at90usb1287/avr51\libat90usb1287.a
END GROUP
                0x00020000                __TEXT_REGION_LENGTH__ = DEFINED (__TEXT_REGION_LENGTH__)?__TEXT_REGION_LENGTH__:0x20000
                0x0000ff00                __DATA_REGION_LENGTH__ = DEFINED (__DATA_REGION_LENGTH__)?__DATA_REGION_LENGTH__:0xff00
                0x00010000                __EEPROM_REGION_LENGTH__ = DEFINED (__EEPROM_REGION_LENGTH__)?__EEPROM_REGION_LENGTH__:0x10000
                [0x00000003]                __FUSE_REGION_LENGTH__ = DEFINED (__FUSE_REGION_LENGTH__)?__FUSE_REGION_LENGTH__:0x400
                0x00000400                __LOCK_REGION_LENGTH__ = DEFINED (__LOCK_REGION_LENGTH__)?__LOCK_REGION_LENGTH__:0x400
                0x00000400                __SIGNATURE_REGION_LENGTH__ = DEFINED (__SIGNATURE_REGION_LENGTH__)?__SIGNATURE_REGION_LENGTH__:0x400
                0x00000400                __USER_SIGNATURE_REGION_LENGTH__ = DEFINED (__USER_SIGNATURE_REGION_LENGTH__)?__USER_SIGNATURE_REGION_LENGTH__:0x400

.hash
 *(.hash)

.dynsym
 *(.dynsym)

.dynstr
 *(.dynstr)

.gnu.version
 *(.gnu.version)

.gnu.version_d
 *(.gnu.version_d)

.gnu.version_r
 *(.gnu.version_r)

.rel.init
 *(.rel.init)

.rela.init
 *(.rela.init)

.rel.text
 *(.rel.text)
 *(.rel.text.*)
 *(.rel.gnu.linkonce.t*)

.rela.text
 *(.rela.text)
 *(.rela.text.*)
 *(.rela.gnu.linkonce.t*)

.rel.fini
 *(.rel.fini)

.rela.fini
 *(.rela.fini)

.rel.rodata
 *(.rel.rodata)
 *(.rel.rodata.*)
 *(.rel.gnu.linkonce.r*)

.rela.rodata
 *(.rela.rodata)
 *(.rela.rodata.*)
 *(.rela.gnu.linkonce.r*)

.rel.data
 *(.rel.data)
 *(.rel.data.*)
 *(.rel.gnu.linkonce.d*)

.rela.data
 *(.rela.data)
 *(.rela.data.*)
 *(.rela.gnu.linkonce.d*)

.rel.ctors
 *(.rel.ctors)

.rela.ctors
 *(.rela.ctors)

.rel.dtors
 *(.rel.dtors)

.rela.dtors
 *(.rela.dtors)

.rel.got
 *(.rel.got)

.rela.got
 *(.rela.got)

.rel.bss
 *(.rel.bss)

.rela.bss
 *(.rela.bss)

.rel.plt
 *(.rel.plt)

.rela.plt
 *(.rela.plt)

.text           0x00000000     0x49c8
 *(.vectors)
 .vectors       0x00000000       0x98 C:/Program Files (x86)/Atmel/Studio/7.0/Packs/atmel/ATmega_DFP/1.2.209/gcc/dev/at90usb1287/avr51/crtat90usb1287.o
                0x00000000                __vector_default
                0x00000000                __vectors
 *(.vectors)
 *(.progmem.gcc*)
 .progmem.gcc_sw_table.SCPI_RegSet
                0x00000098       0x14 libscpi/src/ieee488.o
 .progmem.gcc_sw_table.USB_Device_ProcessControlRequest
                0x000000ac       0x14 src/LUFA/LUFA/Drivers/USB/Core/DeviceStandardReq.o
 .progmem.gcc_sw_table.EVENT_USB_Device_ControlRequest
                0x000000c0        0xe src/main.o
                0x000000ce                . = ALIGN (0x2)
                0x000000ce                __trampolines_start = .
 *(.trampolines)
 .trampolines   0x000000ce        0x0 linker stubs
 *(.trampolines*)
                0x000000ce                __trampolines_end = .
 *libprintf_flt.a:*(.progmem.data)
 *libc.a:*(.progmem.data)
 *(.progmem*)
 .progmem.data.ProductString
                0x000000ce       0x1e src/Descriptors.o
                0x000000ce                ProductString
 .progmem.data.ManufacturerString
                0x000000ec       0x1a src/Descriptors.o
                0x000000ec                ManufacturerString
 .progmem.data.LanguageString
                0x00000106        0x4 src/Descriptors.o
                0x00000106                LanguageString
 .progmem.data.ConfigurationDescriptor
                0x0000010a       0x27 src/Descriptors.o
                0x0000010a                ConfigurationDescriptor
 .progmem.data.DeviceDescriptor
                0x00000131       0x12 src/Descriptors.o
                0x00000131                DeviceDescriptor
                0x00000144                . = ALIGN (0x2)
 *fill*         0x00000143        0x1 
 *(.jumptables)
 *(.jumptables*)
 *(.lowtext)
 *(.lowtext*)
                0x00000144                __ctors_start = .
 *(.ctors)
                0x00000144                __ctors_end = .
                0x00000144                __dtors_start = .
 *(.dtors)
                0x00000144                __dtors_end = .
 SORT(*)(.ctors)
 SORT(*)(.dtors)
 *(.init0)
 .init0         0x00000144        0x0 C:/Program Files (x86)/Atmel/Studio/7.0/Packs/atmel/ATmega_DFP/1.2.209/gcc/dev/at90usb1287/avr51/crtat90usb1287.o
                0x00000144                __init
 *(.init0)
 *(.init1)
 *(.init1)
 *(.init2)
 .init2         0x00000144        0xc C:/Program Files (x86)/Atmel/Studio/7.0/Packs/atmel/ATmega_DFP/1.2.209/gcc/dev/at90usb1287/avr51/crtat90usb1287.o
 *(.init2)
 *(.init3)
 *(.init3)
 *(.init4)
 .init4         0x00000150       0x1a c:/program files (x86)/atmel/studio/7.0/toolchain/avr8/avr8-gnu-toolchain/bin/../lib/gcc/avr/5.4.0/avr51\libgcc.a(_copy_data.o)
                0x00000150                __do_copy_data
 .init4         0x0000016a       0x10 c:/program files (x86)/atmel/studio/7.0/toolchain/avr8/avr8-gnu-toolchain/bin/../lib/gcc/avr/5.4.0/avr51\libgcc.a(_clear_bss.o)
                0x0000016a                __do_clear_bss
 *(.init4)
 *(.init5)
 *(.init5)
 *(.init6)
 *(.init6)
 *(.init7)
 *(.init7)
 *(.init8)
 *(.init8)
 *(.init9)
 .init9         0x0000017a        0x8 C:/Program Files (x86)/Atmel/Studio/7.0/Packs/atmel/ATmega_DFP/1.2.209/gcc/dev/at90usb1287/avr51/crtat90usb1287.o
 *(.init9)
 *(.text)
 .text          0x00000182        0x2 C:/Program Files (x86)/Atmel/Studio/7.0/Packs/atmel/ATmega_DFP/1.2.209/gcc/dev/at90usb1287/avr51/crtat90usb1287.o
                0x00000182                __vector_22
                0x00000182                __vector_28
                0x00000182                __vector_1
                0x00000182                __vector_32
                0x00000182                __vector_34
                0x00000182                __vector_24
                0x00000182                __vector_12
                0x00000182                __bad_interrupt
                0x00000182                __vector_6
                0x00000182                __vector_31
                0x00000182                __vector_35
                0x00000182                __vector_3
                0x00000182                __vector_23
                0x00000182                __vector_30
                0x00000182                __vector_25
                0x00000182                __vector_13
                0x00000182                __vector_17
                0x00000182                __vector_19
                0x00000182                __vector_7
                0x00000182                __vector_27
                0x00000182                __vector_5
                0x00000182                __vector_33
                0x00000182                __vector_37
                0x00000182                __vector_4
                0x00000182                __vector_9
                0x00000182                __vector_2
                0x00000182                __vector_21
                0x00000182                __vector_15
                0x00000182                __vector_36
                0x00000182                __vector_29
                0x00000182                __vector_8
                0x00000182                __vector_26
                0x00000182                __vector_14
                0x00000182                __vector_16
                0x00000182                __vector_18
                0x00000182                __vector_20
                0x00000184                . = ALIGN (0x2)
 *(.text.*)
 .text.SCPI_ErrorEmit
                0x00000184       0x36 libscpi/src/error.o
 .text.SCPI_ErrorInit
                0x000001ba        0x6 libscpi/src/error.o
                0x000001ba                SCPI_ErrorInit
 .text.SCPI_ErrorPushEx
                0x000001c0       0xe0 libscpi/src/error.o
                0x000001c0                SCPI_ErrorPushEx
 .text.SCPI_ErrorPush
                0x000002a0        0xc libscpi/src/error.o
                0x000002a0                SCPI_ErrorPush
 .text.fifo_init
                0x000002ac       0x18 libscpi/src/fifo.o
                0x000002ac                fifo_init
 .text.fifo_add
                0x000002c4       0x60 libscpi/src/fifo.o
                0x000002c4                fifo_add
 .text.fifo_remove_last
                0x00000324       0x54 libscpi/src/fifo.o
                0x00000324                fifo_remove_last
 .text.SCPI_RegClearBits
                0x00000378       0x30 libscpi/src/ieee488.o
                0x00000378                SCPI_RegClearBits
 .text.regUpdateSTB
                0x000003a8       0x32 libscpi/src/ieee488.o
 .text.SCPI_RegSet
                0x000003da      0x132 libscpi/src/ieee488.o
                0x000003da                SCPI_RegSet
 .text.regUpdate
                0x0000050c       0x28 libscpi/src/ieee488.o
 .text.SCPI_RegSetBits
                0x00000534       0x2c libscpi/src/ieee488.o
                0x00000534                SCPI_RegSetBits
 .text.iseos    0x00000560       0x22 libscpi/src/lexer.o
 .text.skipWs   0x00000582       0x44 libscpi/src/lexer.o
 .text.skipDigit
                0x000005c6       0x34 libscpi/src/lexer.o
 .text.skipNumbers
                0x000005fa       0x3c libscpi/src/lexer.o
 .text.skipPlusmn
                0x00000636       0x3a libscpi/src/lexer.o
 .text.skipChr  0x00000670       0x32 libscpi/src/lexer.o
 .text.skipAlpha
                0x000006a2       0x4c libscpi/src/lexer.o
 .text.skipProgramMnemonic
                0x000006ee       0x8c libscpi/src/lexer.o
 .text.skipQuoteProgramData
                0x0000077a       0x6c libscpi/src/lexer.o
 .text.skipColon
                0x000007e6       0x2c libscpi/src/lexer.o
 .text.scpiLex_IsEos
                0x00000812        0x4 libscpi/src/lexer.o
                0x00000812                scpiLex_IsEos
 .text.scpiLex_WhiteSpace
                0x00000816       0x46 libscpi/src/lexer.o
                0x00000816                scpiLex_WhiteSpace
 .text.scpiLex_ProgramHeader
                0x0000085c      0x114 libscpi/src/lexer.o
                0x0000085c                scpiLex_ProgramHeader
 .text.scpiLex_CharacterProgramData
                0x00000970       0xa2 libscpi/src/lexer.o
                0x00000970                scpiLex_CharacterProgramData
 .text.scpiLex_DecimalNumericProgramData
                0x00000a12       0xae libscpi/src/lexer.o
                0x00000a12                scpiLex_DecimalNumericProgramData
 .text.scpiLex_SuffixProgramData
                0x00000ac0       0x94 libscpi/src/lexer.o
                0x00000ac0                scpiLex_SuffixProgramData
 .text.scpiLex_NondecimalNumericData
                0x00000b54      0x15c libscpi/src/lexer.o
                0x00000b54                scpiLex_NondecimalNumericData
 .text.scpiLex_StringProgramData
                0x00000cb0      0x11a libscpi/src/lexer.o
                0x00000cb0                scpiLex_StringProgramData
 .text.scpiLex_ArbitraryBlockProgramData
                0x00000dca      0x186 libscpi/src/lexer.o
                0x00000dca                scpiLex_ArbitraryBlockProgramData
 .text.scpiLex_ProgramExpression
                0x00000f50       0xcc libscpi/src/lexer.o
                0x00000f50                scpiLex_ProgramExpression
 .text.scpiLex_Comma
                0x0000101c       0x36 libscpi/src/lexer.o
                0x0000101c                scpiLex_Comma
 .text.scpiLex_Semicolon
                0x00001052       0x36 libscpi/src/lexer.o
                0x00001052                scpiLex_Semicolon
 .text.scpiLex_NewLine
                0x00001088       0x5c libscpi/src/lexer.o
                0x00001088                scpiLex_NewLine
 .text.writeData
                0x000010e4       0x20 libscpi/src/parser.o
 .text.ParamSignToUInt32
                0x00001104       0x90 libscpi/src/parser.o
 .text.SCPI_Init
                0x00001194       0x8e libscpi/src/parser.o
                0x00001194                SCPI_Init
 .text.SCPI_ParamIsNumber
                0x00001222       0x22 libscpi/src/parser.o
                0x00001222                SCPI_ParamIsNumber
 .text.SCPI_ParamToInt32
                0x00001244        0x6 libscpi/src/parser.o
                0x00001244                SCPI_ParamToInt32
 .text.SCPI_ParamToChoice
                0x0000124a       0xb8 libscpi/src/parser.o
                0x0000124a                SCPI_ParamToChoice
 .text.scpiParser_parseProgramData
                0x00001302       0xe4 libscpi/src/parser.o
                0x00001302                scpiParser_parseProgramData
 .text.SCPI_Parameter
                0x000013e6       0xe0 libscpi/src/parser.o
                0x000013e6                SCPI_Parameter
 .text.ParamSignUInt32
                0x000014c6       0xa4 libscpi/src/parser.o
 .text.SCPI_ParamInt32
                0x0000156a        0x6 libscpi/src/parser.o
                0x0000156a                SCPI_ParamInt32
 .text.SCPI_ParamBool
                0x00001570       0xc2 libscpi/src/parser.o
                0x00001570                SCPI_ParamBool
 .text.scpiParser_parseAllProgramData
                0x00001632       0xde libscpi/src/parser.o
                0x00001632                scpiParser_parseAllProgramData
 .text.scpiParser_detectProgramMessageUnit
                0x00001710      0x142 libscpi/src/parser.o
                0x00001710                scpiParser_detectProgramMessageUnit
 .text.SCPI_Parse
                0x00001852      0x322 libscpi/src/parser.o
                0x00001852                SCPI_Parse
 .text.SCPI_Input
                0x00001b74      0x180 libscpi/src/parser.o
                0x00001b74                SCPI_Input
 .text.patternSeparatorShortPos
                0x00001cf4       0x5c libscpi/src/utils.o
 .text.strnpbrk
                0x00001d50       0xa4 libscpi/src/utils.o
                0x00001d50                strnpbrk
 .text.strBaseToInt32
                0x00001df4       0x4a libscpi/src/utils.o
                0x00001df4                strBaseToInt32
 .text.strBaseToUInt32
                0x00001e3e       0x4a libscpi/src/utils.o
                0x00001e3e                strBaseToUInt32
 .text.composeCompoundCommand
                0x00001e88       0xba libscpi/src/utils.o
                0x00001e88                composeCompoundCommand
 .text.BSD_strnlen
                0x00001f42       0x34 libscpi/src/utils.o
                0x00001f42                BSD_strnlen
 .text.OUR_strncasecmp
                0x00001f76       0x76 libscpi/src/utils.o
                0x00001f76                OUR_strncasecmp
 .text.compareStr
                0x00001fec       0x1e libscpi/src/utils.o
                0x00001fec                compareStr
 .text.compareStrAndNum
                0x0000200a       0xf0 libscpi/src/utils.o
                0x0000200a                compareStrAndNum
 .text.matchPattern
                0x000020fa       0xac libscpi/src/utils.o
                0x000020fa                matchPattern
 .text.matchCommand
                0x000021a6      0x424 libscpi/src/utils.o
                0x000021a6                matchCommand
 .text.CALLBACK_USB_GetDescriptor
                0x000025ca       0x78 src/Descriptors.o
                0x000025ca                CALLBACK_USB_GetDescriptor
 .text.Endpoint_Write_Stream_LE
                0x00002642       0xb8 src/LUFA/LUFA/Drivers/USB/Core/AVR8/EndpointStream_AVR8.o
                0x00002642                Endpoint_Write_Stream_LE
 .text.Endpoint_Read_Stream_LE
                0x000026fa       0xb8 src/LUFA/LUFA/Drivers/USB/Core/AVR8/EndpointStream_AVR8.o
                0x000026fa                Endpoint_Read_Stream_LE
 .text.Endpoint_Write_Control_Stream_LE
                0x000027b2       0xfe src/LUFA/LUFA/Drivers/USB/Core/AVR8/EndpointStream_AVR8.o
                0x000027b2                Endpoint_Write_Control_Stream_LE
 .text.Endpoint_Write_Control_PStream_LE
                0x000028b0      0x100 src/LUFA/LUFA/Drivers/USB/Core/AVR8/EndpointStream_AVR8.o
                0x000028b0                Endpoint_Write_Control_PStream_LE
 .text.Endpoint_ConfigureEndpoint_Prv
                0x000029b0       0xcc src/LUFA/LUFA/Drivers/USB/Core/AVR8/Endpoint_AVR8.o
                0x000029b0                Endpoint_ConfigureEndpoint_Prv
 .text.Endpoint_ClearStatusStage
                0x00002a7c       0x48 src/LUFA/LUFA/Drivers/USB/Core/AVR8/Endpoint_AVR8.o
                0x00002a7c                Endpoint_ClearStatusStage
 .text.Endpoint_WaitUntilReady
                0x00002ac4       0x82 src/LUFA/LUFA/Drivers/USB/Core/AVR8/Endpoint_AVR8.o
                0x00002ac4                Endpoint_WaitUntilReady
 .text.USB_ResetInterface
                0x00002b46       0x8a src/LUFA/LUFA/Drivers/USB/Core/AVR8/USBController_AVR8.o
                0x00002b46                USB_ResetInterface
 .text.USB_Init
                0x00002bd0       0x1e src/LUFA/LUFA/Drivers/USB/Core/AVR8/USBController_AVR8.o
                0x00002bd0                USB_Init
 .text.USB_INT_DisableAllInterrupts
                0x00002bee       0x10 src/LUFA/LUFA/Drivers/USB/Core/AVR8/USBInterrupt_AVR8.o
                0x00002bee                USB_INT_DisableAllInterrupts
 .text.USB_INT_ClearAllInterrupts
                0x00002bfe        0xa src/LUFA/LUFA/Drivers/USB/Core/AVR8/USBInterrupt_AVR8.o
                0x00002bfe                USB_INT_ClearAllInterrupts
 .text.__vector_10
                0x00002c08      0x192 src/LUFA/LUFA/Drivers/USB/Core/AVR8/USBInterrupt_AVR8.o
                0x00002c08                __vector_10
 .text.__vector_11
                0x00002d9a       0xa8 src/LUFA/LUFA/Drivers/USB/Core/AVR8/USBInterrupt_AVR8.o
                0x00002d9a                __vector_11
 .text.USB_Device_ProcessControlRequest
                0x00002e42      0x2dc src/LUFA/LUFA/Drivers/USB/Core/DeviceStandardReq.o
                0x00002e42                USB_Device_ProcessControlRequest
 .text.USB_Event_Stub
                0x0000311e        0x2 src/LUFA/LUFA/Drivers/USB/Core/Events.o
                0x0000311e                USB_Event_Stub
                0x0000311e                EVENT_USB_Device_Suspend
                0x0000311e                EVENT_USB_Device_StartOfFrame
                0x0000311e                EVENT_USB_Device_Reset
                0x0000311e                EVENT_USB_Device_WakeUp
 .text.USB_USBTask
                0x00003120       0x34 src/LUFA/LUFA/Drivers/USB/Core/USBTask.o
                0x00003120                USB_USBTask
 .text.board_init
                0x00003154        0x2 src/ASF/common/boards/user_board/init.o
                0x00003154                board_init
 .text.IDN      0x00003156       0x14 src/main.o
 .text.DEV_OUT_POR_SEL
                0x0000316a      0x100 src/main.o
 .text.DEV_SEL  0x0000326a       0x38 src/main.o
 .text.turnON   0x000032a2       0x16 src/main.o
                0x000032a2                turnON
 .text.turnOFF  0x000032b8       0x1e src/main.o
                0x000032b8                turnOFF
 .text.DEV_POW  0x000032d6       0xaa src/main.o
 .text.switchToMUXport
                0x00003380       0xa0 src/main.o
                0x00003380                switchToMUXport
 .text.DEV_IN_POR_SEL
                0x00003420       0x7c src/main.o
 .text.SetupHardware
                0x0000349c       0x4a src/main.o
                0x0000349c                SetupHardware
 .text.EVENT_USB_Device_Connect
                0x000034e6        0xa src/main.o
                0x000034e6                EVENT_USB_Device_Connect
 .text.EVENT_USB_Device_Disconnect
                0x000034f0        0xa src/main.o
                0x000034f0                EVENT_USB_Device_Disconnect
 .text.EVENT_USB_Device_ConfigurationChanged
                0x000034fa       0x3a src/main.o
                0x000034fa                EVENT_USB_Device_ConfigurationChanged
 .text.EVENT_USB_Device_ControlRequest
                0x00003534      0x26a src/main.o
                0x00003534                EVENT_USB_Device_ControlRequest
 .text.ProcessSentMessage
                0x0000379e       0x74 src/main.o
                0x0000379e                ProcessSentMessage
 .text.GetNextMessage
                0x00003812       0xe4 src/main.o
                0x00003812                GetNextMessage
 .text.ReadTMCHeader
                0x000038f6       0x7e src/main.o
                0x000038f6                ReadTMCHeader
 .text.WriteTMCHeader
                0x00003974       0x6c src/main.o
                0x00003974                WriteTMCHeader
 .text.TMC_Task
                0x000039e0      0x132 src/main.o
                0x000039e0                TMC_Task
 .text.main     0x00003b12       0x12 src/main.o
                0x00003b12                main
 .text.libgcc.div
                0x00003b24       0x26 c:/program files (x86)/atmel/studio/7.0/toolchain/avr8/avr8-gnu-toolchain/bin/../lib/gcc/avr/5.4.0/avr51\libgcc.a(_divmodhi4.o)
                0x00003b24                _div
                0x00003b24                __divmodhi4
 .text.libgcc.div
                0x00003b4a       0x44 c:/program files (x86)/atmel/studio/7.0/toolchain/avr8/avr8-gnu-toolchain/bin/../lib/gcc/avr/5.4.0/avr51\libgcc.a(_udivmodsi4.o)
                0x00003b4a                __udivmodsi4
 .text.libgcc   0x00003b8e       0x12 c:/program files (x86)/atmel/studio/7.0/toolchain/avr8/avr8-gnu-toolchain/bin/../lib/gcc/avr/5.4.0/avr51\libgcc.a(_tablejump2.o)
                0x00003b8e                __tablejump2__
 .text.libgcc.div
                0x00003ba0       0x28 c:/program files (x86)/atmel/studio/7.0/toolchain/avr8/avr8-gnu-toolchain/bin/../lib/gcc/avr/5.4.0/avr51\libgcc.a(_udivmodhi4.o)
                0x00003ba0                __udivmodhi4
 .text.libgcc.mul
                0x00003bc8       0x1e c:/program files (x86)/atmel/studio/7.0/toolchain/avr8/avr8-gnu-toolchain/bin/../lib/gcc/avr/5.4.0/avr51\libgcc.a(_umulhisi3.o)
                0x00003bc8                __umulhisi3
 .text.libgcc.mul
                0x00003be6       0x14 c:/program files (x86)/atmel/studio/7.0/toolchain/avr8/avr8-gnu-toolchain/bin/../lib/gcc/avr/5.4.0/avr51\libgcc.a(_muluhisi3.o)
                0x00003be6                __muluhisi3
 .text.avr-libc
                0x00003bfa      0x242 c:/program files (x86)/atmel/studio/7.0/toolchain/avr8/avr8-gnu-toolchain/bin/../lib/gcc/avr/5.4.0/../../../../avr/lib/avr51\libc.a(malloc.o)
                0x00003bfa                malloc
                0x00003d2a                free
 .text.avr-libc
                0x00003e3c      0x256 c:/program files (x86)/atmel/studio/7.0/toolchain/avr8/avr8-gnu-toolchain/bin/../lib/gcc/avr/5.4.0/../../../../avr/lib/avr51\libc.a(strtol.o)
                0x00003e3c                strtol
 .text.avr-libc
                0x00004092      0x214 c:/program files (x86)/atmel/studio/7.0/toolchain/avr8/avr8-gnu-toolchain/bin/../lib/gcc/avr/5.4.0/../../../../avr/lib/avr51\libc.a(strtoul.o)
                0x00004092                strtoul
 .text.avr-libc
                0x000042a6       0x10 c:/program files (x86)/atmel/studio/7.0/toolchain/avr8/avr8-gnu-toolchain/bin/../lib/gcc/avr/5.4.0/../../../../avr/lib/avr51\libc.a(isalnum.o)
                0x000042a6                isalnum
 .text.avr-libc
                0x000042b6        0x6 c:/program files (x86)/atmel/studio/7.0/toolchain/avr8/avr8-gnu-toolchain/bin/../lib/gcc/avr/5.4.0/../../../../avr/lib/avr51\libc.a(cty_isfalse.o)
                0x000042b6                __ctype_isfalse
                0x000042ba                __ctype_istrue
 .text.avr-libc
                0x000042bc       0x12 c:/program files (x86)/atmel/studio/7.0/toolchain/avr8/avr8-gnu-toolchain/bin/../lib/gcc/avr/5.4.0/../../../../avr/lib/avr51\libc.a(isalpha.o)
                0x000042bc                isupper
                0x000042c0                isalpha
                0x000042c2                islower
 .text.avr-libc
                0x000042ce       0x16 c:/program files (x86)/atmel/studio/7.0/toolchain/avr8/avr8-gnu-toolchain/bin/../lib/gcc/avr/5.4.0/../../../../avr/lib/avr51\libc.a(isxdigit.o)
                0x000042ce                isxdigit
 .text.avr-libc
                0x000042e4       0x10 c:/program files (x86)/atmel/studio/7.0/toolchain/avr8/avr8-gnu-toolchain/bin/../lib/gcc/avr/5.4.0/../../../../avr/lib/avr51\libc.a(isspace.o)
                0x000042e4                isspace
 .text.avr-libc
                0x000042f4       0x10 c:/program files (x86)/atmel/studio/7.0/toolchain/avr8/avr8-gnu-toolchain/bin/../lib/gcc/avr/5.4.0/../../../../avr/lib/avr51\libc.a(tolower.o)
                0x000042f4                tolower
 .text.avr-libc
                0x00004304       0x12 c:/program files (x86)/atmel/studio/7.0/toolchain/avr8/avr8-gnu-toolchain/bin/../lib/gcc/avr/5.4.0/../../../../avr/lib/avr51\libc.a(memcpy.o)
                0x00004304                memcpy
 .text.avr-libc
                0x00004316       0x22 c:/program files (x86)/atmel/studio/7.0/toolchain/avr8/avr8-gnu-toolchain/bin/../lib/gcc/avr/5.4.0/../../../../avr/lib/avr51\libc.a(memmove.o)
                0x00004316                memmove
 .text.avr-libc
                0x00004338        0xe c:/program files (x86)/atmel/studio/7.0/toolchain/avr8/avr8-gnu-toolchain/bin/../lib/gcc/avr/5.4.0/../../../../avr/lib/avr51\libc.a(strcpy.o)
                0x00004338                strcpy
 .text.avr-libc
                0x00004346       0x28 c:/program files (x86)/atmel/studio/7.0/toolchain/avr8/avr8-gnu-toolchain/bin/../lib/gcc/avr/5.4.0/../../../../avr/lib/avr51\libc.a(strlcpy.o)
                0x00004346                strlcpy
 .text.avr-libc
                0x0000436e       0x1c c:/program files (x86)/atmel/studio/7.0/toolchain/avr8/avr8-gnu-toolchain/bin/../lib/gcc/avr/5.4.0/../../../../avr/lib/avr51\libc.a(strncmp.o)
                0x0000436e                strncmp
 .text.avr-libc
                0x0000438a       0x14 c:/program files (x86)/atmel/studio/7.0/toolchain/avr8/avr8-gnu-toolchain/bin/../lib/gcc/avr/5.4.0/../../../../avr/lib/avr51\libc.a(itoa_ncheck.o)
                0x0000438a                __itoa_ncheck
 .text.avr-libc
                0x0000439e       0x32 c:/program files (x86)/atmel/studio/7.0/toolchain/avr8/avr8-gnu-toolchain/bin/../lib/gcc/avr/5.4.0/../../../../avr/lib/avr51\libc.a(utoa_ncheck.o)
                0x0000439e                __utoa_ncheck
                0x000043a0                __utoa_common
 .text.avr-libc
                0x000043d0       0x5c c:/program files (x86)/atmel/studio/7.0/toolchain/avr8/avr8-gnu-toolchain/bin/../lib/gcc/avr/5.4.0/../../../../avr/lib/avr51\libc.a(sprintf.o)
                0x000043d0                sprintf
 .text.avr-libc
                0x0000442c      0x3fa c:/program files (x86)/atmel/studio/7.0/toolchain/avr8/avr8-gnu-toolchain/bin/../lib/gcc/avr/5.4.0/../../../../avr/lib/avr51\libc.a(vfprintf_std.o)
                0x0000442c                vfprintf
 .text.avr-libc
                0x00004826       0x16 c:/program files (x86)/atmel/studio/7.0/toolchain/avr8/avr8-gnu-toolchain/bin/../lib/gcc/avr/5.4.0/../../../../avr/lib/avr51\libc.a(strnlen_P.o)
                0x00004826                strnlen_P
 .text.avr-libc
                0x0000483c       0x16 c:/program files (x86)/atmel/studio/7.0/toolchain/avr8/avr8-gnu-toolchain/bin/../lib/gcc/avr/5.4.0/../../../../avr/lib/avr51\libc.a(strnlen.o)
                0x0000483c                strnlen
 .text.avr-libc
                0x00004852       0x20 c:/program files (x86)/atmel/studio/7.0/toolchain/avr8/avr8-gnu-toolchain/bin/../lib/gcc/avr/5.4.0/../../../../avr/lib/avr51\libc.a(strrev.o)
                0x00004852                strrev
 .text.avr-libc
                0x00004872       0x78 c:/program files (x86)/atmel/studio/7.0/toolchain/avr8/avr8-gnu-toolchain/bin/../lib/gcc/avr/5.4.0/../../../../avr/lib/avr51\libc.a(fputc.o)
                0x00004872                fputc
 .text.avr-libc
                0x000048ea       0xbc c:/program files (x86)/atmel/studio/7.0/toolchain/avr8/avr8-gnu-toolchain/bin/../lib/gcc/avr/5.4.0/../../../../avr/lib/avr51\libc.a(ultoa_invert.o)
                0x000048ea                __ultoa_invert
 .text.libgcc.mul
                0x000049a6       0x1e c:/program files (x86)/atmel/studio/7.0/toolchain/avr8/avr8-gnu-toolchain/bin/../lib/gcc/avr/5.4.0/avr51\libgcc.a(_mulsi3.o)
                0x000049a6                __mulsi3
                0x000049c4                . = ALIGN (0x2)
 *(.fini9)
 .fini9         0x000049c4        0x0 c:/program files (x86)/atmel/studio/7.0/toolchain/avr8/avr8-gnu-toolchain/bin/../lib/gcc/avr/5.4.0/avr51\libgcc.a(_exit.o)
                0x000049c4                _exit
                0x000049c4                exit
 *(.fini9)
 *(.fini8)
 *(.fini8)
 *(.fini7)
 *(.fini7)
 *(.fini6)
 *(.fini6)
 *(.fini5)
 *(.fini5)
 *(.fini4)
 *(.fini4)
 *(.fini3)
 *(.fini3)
 *(.fini2)
 *(.fini2)
 *(.fini1)
 *(.fini1)
 *(.fini0)
 .fini0         0x000049c4        0x4 c:/program files (x86)/atmel/studio/7.0/toolchain/avr8/avr8-gnu-toolchain/bin/../lib/gcc/avr/5.4.0/avr51\libgcc.a(_exit.o)
 *(.fini0)
                0x000049c8                _etext = .

.data           0x00800100      0x31c load address 0x000049c8
                0x00800100                PROVIDE (__data_start, .)
 *(.data)
 .data          0x00800100        0x6 c:/program files (x86)/atmel/studio/7.0/toolchain/avr8/avr8-gnu-toolchain/bin/../lib/gcc/avr/5.4.0/../../../../avr/lib/avr51\libc.a(malloc.o)
                0x00800100                __malloc_heap_end
                0x00800102                __malloc_heap_start
                0x00800104                __malloc_margin
 *(.data*)
 .data.Capabilities
                0x00800106       0x18 src/main.o
                0x00800106                Capabilities
 *(.gnu.linkonce.d*)
 *(.rodata)
 *(.rodata*)
 .rodata.errs   0x0080011e       0x36 libscpi/src/error.o
 .rodata.str1.1
                0x00800154       0x12 libscpi/src/parser.o
                                 0x19 (size before relaxing)
 .rodata.scpi_bool_def
                0x00800166       0x12 libscpi/src/parser.o
                0x00800166                scpi_bool_def
 .rodata.str1.1
                0x00800178       0x79 libscpi/src/units.o
                                 0x8d (size before relaxing)
 .rodata.scpi_units_def
                0x008001f1       0xbd libscpi/src/units.o
                0x008001f1                scpi_units_def
 .rodata.str1.1
                0x008002ae       0x21 libscpi/src/utils.o
                                 0x29 (size before relaxing)
 .rodata.str1.1
                0x008002cf      0x11c src/main.o
 .rodata.scpi_commands
                0x008003eb       0x30 src/main.o
                0x008003eb                scpi_commands
 *(.gnu.linkonce.r*)
                0x0080041c                . = ALIGN (0x2)
 *fill*         0x0080041b        0x1 
                0x0080041c                _edata = .
                0x0080041c                PROVIDE (__data_end, .)

.bss            0x0080041c      0x22f
                0x0080041c                PROVIDE (__bss_start, .)
 *(.bss)
 *(.bss*)
 .bss.NextResponseBuffer
                0x0080041c       0x40 src/main.o
 .bss.LastTransferLength
                0x0080045c        0x2 src/main.o
 .bss.CurrentTransferTag
                0x0080045e        0x1 src/main.o
 .bss.IsTMCBulkOUTReset
                0x0080045f        0x1 src/main.o
 .bss.IsTMCBulkINReset
                0x00800460        0x1 src/main.o
 .bss.RequestInProgress
                0x00800461        0x1 src/main.o
 .bss.scpi_interface
                0x00800462        0xa src/main.o
                0x00800462                scpi_interface
 *(COMMON)
 COMMON         0x0080046c        0x3 src/LUFA/LUFA/Drivers/USB/Core/DeviceStandardReq.o
                0x0080046c                USB_Device_ConfigurationNumber
                0x0080046d                USB_Device_CurrentlySelfPowered
                0x0080046e                USB_Device_RemoteWakeupEnabled
 COMMON         0x0080046f        0xa src/LUFA/LUFA/Drivers/USB/Core/USBTask.o
                0x0080046f                USB_IsInitialized
                0x00800470                USB_DeviceState
                0x00800471                USB_ControlRequest
 COMMON         0x00800479      0x1cc src/main.o
                0x00800479                scpi_context
                0x008004cf                scpi_input_buffer
                0x008005cf                scpi_error_queue_data
                0x008005f1                device
                0x008005f5                bf
 COMMON         0x00800645        0x4 c:/program files (x86)/atmel/studio/7.0/toolchain/avr8/avr8-gnu-toolchain/bin/../lib/gcc/avr/5.4.0/../../../../avr/lib/avr51\libc.a(malloc.o)
                0x00800645                __brkval
                0x00800647                __flp
 COMMON         0x00800649        0x2 c:/program files (x86)/atmel/studio/7.0/toolchain/avr8/avr8-gnu-toolchain/bin/../lib/gcc/avr/5.4.0/../../../../avr/lib/avr51\libc.a(errno.o)
                0x00800649                errno
                0x0080064b                PROVIDE (__bss_end, .)
                0x000049c8                __data_load_start = LOADADDR (.data)
                0x00004ce4                __data_load_end = (__data_load_start + SIZEOF (.data))

.noinit         0x0080064b        0x0
                [!provide]                PROVIDE (__noinit_start, .)
 *(.noinit*)
                [!provide]                PROVIDE (__noinit_end, .)
                0x0080064b                _end = .
                0x0080064b                PROVIDE (__heap_start, .)

.eeprom         0x00810000        0x0
 *(.eeprom*)
                0x00810000                __eeprom_end = .

.fuse
 *(.fuse)
 *(.lfuse)
 *(.hfuse)
 *(.efuse)

.lock
 *(.lock*)

.signature
 *(.signature*)

.user_signatures
 *(.user_signatures*)

.stab
 *(.stab)

.stabstr
 *(.stabstr)

.stab.excl
 *(.stab.excl)

.stab.exclstr
 *(.stab.exclstr)

.stab.index
 *(.stab.index)

.stab.indexstr
 *(.stab.indexstr)

.comment        0x00000000       0x5c
 *(.comment)
 .comment       0x00000000       0x30 libscpi/src/error.o
                                 0x31 (size before relaxing)
 .comment       0x00000030       0x31 libscpi/src/fifo.o
 .comment       0x00000030       0x31 libscpi/src/ieee488.o
 .comment       0x00000030       0x31 libscpi/src/lexer.o
 .comment       0x00000030       0x31 libscpi/src/parser.o
 .comment       0x00000030       0x31 libscpi/src/units.o
 .comment       0x00000030       0x31 libscpi/src/utils.o
 .comment       0x00000030       0x31 src/Descriptors.o
 .comment       0x00000030       0x31 src/LUFA/LUFA/Drivers/USB/Core/AVR8/EndpointStream_AVR8.o
 .comment       0x00000030       0x31 src/LUFA/LUFA/Drivers/USB/Core/AVR8/Endpoint_AVR8.o
 .comment       0x00000030       0x31 src/LUFA/LUFA/Drivers/USB/Core/AVR8/USBController_AVR8.o
 .comment       0x00000030       0x31 src/LUFA/LUFA/Drivers/USB/Core/AVR8/USBInterrupt_AVR8.o
 .comment       0x00000030       0x31 src/LUFA/LUFA/Drivers/USB/Core/DeviceStandardReq.o
 .comment       0x00000030       0x31 src/LUFA/LUFA/Drivers/USB/Core/Events.o
 .comment       0x00000030       0x31 src/LUFA/LUFA/Drivers/USB/Core/USBTask.o
 .comment       0x00000030       0x31 src/ASF/common/boards/user_board/init.o
 .comment       0x00000030       0x31 src/main.o
 .comment       0x00000030       0x31 c:/program files (x86)/atmel/studio/7.0/toolchain/avr8/avr8-gnu-toolchain/bin/../lib/gcc/avr/5.4.0/../../../../avr/lib/avr51\libc.a(malloc.o)
 .comment       0x00000030       0x31 c:/program files (x86)/atmel/studio/7.0/toolchain/avr8/avr8-gnu-toolchain/bin/../lib/gcc/avr/5.4.0/../../../../avr/lib/avr51\libc.a(strtol.o)
 .comment       0x00000030       0x31 c:/program files (x86)/atmel/studio/7.0/toolchain/avr8/avr8-gnu-toolchain/bin/../lib/gcc/avr/5.4.0/../../../../avr/lib/avr51\libc.a(strtoul.o)
 .comment       0x00000030       0x31 c:/program files (x86)/atmel/studio/7.0/toolchain/avr8/avr8-gnu-toolchain/bin/../lib/gcc/avr/5.4.0/../../../../avr/lib/avr51\libc.a(sprintf.o)
 .comment       0x00000030       0x2c c:/program files (x86)/atmel/studio/7.0/toolchain/avr8/avr8-gnu-toolchain/bin/../lib/gcc/avr/5.4.0/../../../../avr/lib/avr51\libc.a(vfprintf_std.o)
                                 0x2d (size before relaxing)
 .comment       0x0000005c       0x2d c:/program files (x86)/atmel/studio/7.0/toolchain/avr8/avr8-gnu-toolchain/bin/../lib/gcc/avr/5.4.0/../../../../avr/lib/avr51\libc.a(errno.o)
 .comment       0x0000005c       0x31 c:/program files (x86)/atmel/studio/7.0/toolchain/avr8/avr8-gnu-toolchain/bin/../lib/gcc/avr/5.4.0/../../../../avr/lib/avr51\libc.a(fputc.o)

.note.gnu.avr.deviceinfo
                0x00000000       0x40
 .note.gnu.avr.deviceinfo
                0x00000000       0x40 C:/Program Files (x86)/Atmel/Studio/7.0/Packs/atmel/ATmega_DFP/1.2.209/gcc/dev/at90usb1287/avr51/crtat90usb1287.o

.note.gnu.build-id
 *(.note.gnu.build-id)

.debug
 *(.debug)

.line
 *(.line)

.debug_srcinfo
 *(.debug_srcinfo)

.debug_sfnames
 *(.debug_sfnames)

.debug_aranges  0x00000000      0x888
 *(.debug_aranges)
 .debug_aranges
                0x00000000       0x60 libscpi/src/error.o
 .debug_aranges
                0x00000060       0x58 libscpi/src/fifo.o
 .debug_aranges
                0x000000b8       0xb8 libscpi/src/ieee488.o
 .debug_aranges
                0x00000170       0xe0 libscpi/src/lexer.o
 .debug_aranges
                0x00000250      0x250 libscpi/src/parser.o
 .debug_aranges
                0x000004a0       0x28 libscpi/src/units.o
 .debug_aranges
                0x000004c8      0x100 libscpi/src/utils.o
 .debug_aranges
                0x000005c8       0x20 src/Descriptors.o
 .debug_aranges
                0x000005e8       0xc8 src/LUFA/LUFA/Drivers/USB/Core/AVR8/EndpointStream_AVR8.o
 .debug_aranges
                0x000006b0       0x40 src/LUFA/LUFA/Drivers/USB/Core/AVR8/Endpoint_AVR8.o
 .debug_aranges
                0x000006f0       0x30 src/LUFA/LUFA/Drivers/USB/Core/AVR8/USBController_AVR8.o
 .debug_aranges
                0x00000720       0x38 src/LUFA/LUFA/Drivers/USB/Core/AVR8/USBInterrupt_AVR8.o
 .debug_aranges
                0x00000758       0x20 src/LUFA/LUFA/Drivers/USB/Core/DeviceStandardReq.o
 .debug_aranges
                0x00000778       0x20 src/LUFA/LUFA/Drivers/USB/Core/Events.o
 .debug_aranges
                0x00000798       0x20 src/LUFA/LUFA/Drivers/USB/Core/USBTask.o
 .debug_aranges
                0x000007b8       0x20 src/ASF/common/boards/user_board/init.o
 .debug_aranges
                0x000007d8       0xb0 src/main.o

.debug_pubnames
 *(.debug_pubnames)

.debug_info     0x00000000    0x11cde
 *(.debug_info .gnu.linkonce.wi.*)
 .debug_info    0x00000000      0xb70 C:/Program Files (x86)/Atmel/Studio/7.0/Packs/atmel/ATmega_DFP/1.2.209/gcc/dev/at90usb1287/avr51/crtat90usb1287.o
 .debug_info    0x00000b70      0xfcc libscpi/src/error.o
 .debug_info    0x00001b3c      0x328 libscpi/src/fifo.o
 .debug_info    0x00001e64     0x1428 libscpi/src/ieee488.o
 .debug_info    0x0000328c     0x1523 libscpi/src/lexer.o
 .debug_info    0x000047af     0x4c5d libscpi/src/parser.o
 .debug_info    0x0000940c     0x1214 libscpi/src/units.o
 .debug_info    0x0000a620     0x194e libscpi/src/utils.o
 .debug_info    0x0000bf6e      0x5db src/Descriptors.o
 .debug_info    0x0000c549     0x17b5 src/LUFA/LUFA/Drivers/USB/Core/AVR8/EndpointStream_AVR8.o
 .debug_info    0x0000dcfe      0x61c src/LUFA/LUFA/Drivers/USB/Core/AVR8/Endpoint_AVR8.o
 .debug_info    0x0000e31a      0x4ea src/LUFA/LUFA/Drivers/USB/Core/AVR8/USBController_AVR8.o
 .debug_info    0x0000e804      0x7eb src/LUFA/LUFA/Drivers/USB/Core/AVR8/USBInterrupt_AVR8.o
 .debug_info    0x0000efef      0xa81 src/LUFA/LUFA/Drivers/USB/Core/DeviceStandardReq.o
 .debug_info    0x0000fa70       0x7c src/LUFA/LUFA/Drivers/USB/Core/Events.o
 .debug_info    0x0000faec      0x276 src/LUFA/LUFA/Drivers/USB/Core/USBTask.o
 .debug_info    0x0000fd62       0xae src/ASF/common/boards/user_board/init.o
 .debug_info    0x0000fe10     0x1ece src/main.o

.debug_abbrev   0x00000000     0x30ed
 *(.debug_abbrev)
 .debug_abbrev  0x00000000      0xad2 C:/Program Files (x86)/Atmel/Studio/7.0/Packs/atmel/ATmega_DFP/1.2.209/gcc/dev/at90usb1287/avr51/crtat90usb1287.o
 .debug_abbrev  0x00000ad2      0x294 libscpi/src/error.o
 .debug_abbrev  0x00000d66      0x126 libscpi/src/fifo.o
 .debug_abbrev  0x00000e8c      0x316 libscpi/src/ieee488.o
 .debug_abbrev  0x000011a2      0x2c8 libscpi/src/lexer.o
 .debug_abbrev  0x0000146a      0x43c libscpi/src/parser.o
 .debug_abbrev  0x000018a6      0x293 libscpi/src/units.o
 .debug_abbrev  0x00001b39      0x337 libscpi/src/utils.o
 .debug_abbrev  0x00001e70      0x153 src/Descriptors.o
 .debug_abbrev  0x00001fc3      0x1ed src/LUFA/LUFA/Drivers/USB/Core/AVR8/EndpointStream_AVR8.o
 .debug_abbrev  0x000021b0      0x236 src/LUFA/LUFA/Drivers/USB/Core/AVR8/Endpoint_AVR8.o
 .debug_abbrev  0x000023e6      0x186 src/LUFA/LUFA/Drivers/USB/Core/AVR8/USBController_AVR8.o
 .debug_abbrev  0x0000256c      0x216 src/LUFA/LUFA/Drivers/USB/Core/AVR8/USBInterrupt_AVR8.o
 .debug_abbrev  0x00002782      0x2b0 src/LUFA/LUFA/Drivers/USB/Core/DeviceStandardReq.o
 .debug_abbrev  0x00002a32       0x47 src/LUFA/LUFA/Drivers/USB/Core/Events.o
 .debug_abbrev  0x00002a79      0x16e src/LUFA/LUFA/Drivers/USB/Core/USBTask.o
 .debug_abbrev  0x00002be7       0x6c src/ASF/common/boards/user_board/init.o
 .debug_abbrev  0x00002c53      0x49a src/main.o

.debug_line     0x00000000     0xce06
 *(.debug_line .debug_line.* .debug_line_end)
 .debug_line    0x00000000      0x17b C:/Program Files (x86)/Atmel/Studio/7.0/Packs/atmel/ATmega_DFP/1.2.209/gcc/dev/at90usb1287/avr51/crtat90usb1287.o
 .debug_line    0x0000017b      0x3b9 libscpi/src/error.o
 .debug_line    0x00000534      0x2f1 libscpi/src/fifo.o
 .debug_line    0x00000825      0x5c3 libscpi/src/ieee488.o
 .debug_line    0x00000de8      0xb7e libscpi/src/lexer.o
 .debug_line    0x00001966     0x191f libscpi/src/parser.o
 .debug_line    0x00003285      0x3db libscpi/src/units.o
 .debug_line    0x00003660      0xe4a libscpi/src/utils.o
 .debug_line    0x000044aa      0xcfc src/Descriptors.o
 .debug_line    0x000051a6     0x1e7a src/LUFA/LUFA/Drivers/USB/Core/AVR8/EndpointStream_AVR8.o
 .debug_line    0x00007020      0xc70 src/LUFA/LUFA/Drivers/USB/Core/AVR8/Endpoint_AVR8.o
 .debug_line    0x00007c90      0x8ea src/LUFA/LUFA/Drivers/USB/Core/AVR8/USBController_AVR8.o
 .debug_line    0x0000857a      0xb86 src/LUFA/LUFA/Drivers/USB/Core/AVR8/USBInterrupt_AVR8.o
 .debug_line    0x00009100      0xab3 src/LUFA/LUFA/Drivers/USB/Core/DeviceStandardReq.o
 .debug_line    0x00009bb3      0x48c src/LUFA/LUFA/Drivers/USB/Core/Events.o
 .debug_line    0x0000a03f      0x80c src/LUFA/LUFA/Drivers/USB/Core/USBTask.o
 .debug_line    0x0000a84b      0xebe src/ASF/common/boards/user_board/init.o
 .debug_line    0x0000b709     0x16fd src/main.o

.debug_frame    0x00000000     0x2824
 *(.debug_frame)
 .debug_frame   0x00000000      0x12c libscpi/src/error.o
 .debug_frame   0x0000012c       0xac libscpi/src/fifo.o
 .debug_frame   0x000001d8      0x1e4 libscpi/src/ieee488.o
 .debug_frame   0x000003bc      0x3c0 libscpi/src/lexer.o
 .debug_frame   0x0000077c      0xe64 libscpi/src/parser.o
 .debug_frame   0x000015e0       0xc4 libscpi/src/units.o
 .debug_frame   0x000016a4      0x63c libscpi/src/utils.o
 .debug_frame   0x00001ce0       0x24 src/Descriptors.o
 .debug_frame   0x00001d04      0x5c4 src/LUFA/LUFA/Drivers/USB/Core/AVR8/EndpointStream_AVR8.o
 .debug_frame   0x000022c8       0xdc src/LUFA/LUFA/Drivers/USB/Core/AVR8/Endpoint_AVR8.o
 .debug_frame   0x000023a4       0x58 src/LUFA/LUFA/Drivers/USB/Core/AVR8/USBController_AVR8.o
 .debug_frame   0x000023fc      0x100 src/LUFA/LUFA/Drivers/USB/Core/AVR8/USBInterrupt_AVR8.o
 .debug_frame   0x000024fc       0x40 src/LUFA/LUFA/Drivers/USB/Core/DeviceStandardReq.o
 .debug_frame   0x0000253c       0x24 src/LUFA/LUFA/Drivers/USB/Core/Events.o
 .debug_frame   0x00002560       0x2c src/LUFA/LUFA/Drivers/USB/Core/USBTask.o
 .debug_frame   0x0000258c       0x24 src/ASF/common/boards/user_board/init.o
 .debug_frame   0x000025b0      0x274 src/main.o

.debug_str      0x00000000    0x2406f
 *(.debug_str)
 .debug_str     0x00000000      0x3f7 C:/Program Files (x86)/Atmel/Studio/7.0/Packs/atmel/ATmega_DFP/1.2.209/gcc/dev/at90usb1287/avr51/crtat90usb1287.o
 .debug_str     0x000003f7     0x73c6 libscpi/src/error.o
                               0x7617 (size before relaxing)
 .debug_str     0x000077bd       0x36 libscpi/src/fifo.o
                               0x415a (size before relaxing)
 .debug_str     0x000077f3      0xc77 libscpi/src/ieee488.o
                               0x7e46 (size before relaxing)
 .debug_str     0x0000846a      0x3d8 libscpi/src/lexer.o
                               0x71fc (size before relaxing)
 .debug_str     0x00008842      0xb74 libscpi/src/parser.o
                               0x80fe (size before relaxing)
 .debug_str     0x000093b6      0x1a9 libscpi/src/units.o
                               0x761b (size before relaxing)
 .debug_str     0x0000955f      0x67f libscpi/src/utils.o
                               0x59be (size before relaxing)
 .debug_str     0x00009bde     0xffc8 src/Descriptors.o
                              0x148d2 (size before relaxing)
 .debug_str     0x00019ba6      0xb80 src/LUFA/LUFA/Drivers/USB/Core/AVR8/EndpointStream_AVR8.o
                               0xef7b (size before relaxing)
 .debug_str     0x0001a726      0x2f7 src/LUFA/LUFA/Drivers/USB/Core/AVR8/Endpoint_AVR8.o
                               0xe62a (size before relaxing)
 .debug_str     0x0001aa1d      0x2ad src/LUFA/LUFA/Drivers/USB/Core/AVR8/USBController_AVR8.o
                               0xe58a (size before relaxing)
 .debug_str     0x0001acca      0x1e1 src/LUFA/LUFA/Drivers/USB/Core/AVR8/USBInterrupt_AVR8.o
                               0xe5e8 (size before relaxing)
 .debug_str     0x0001aeab      0x489 src/LUFA/LUFA/Drivers/USB/Core/DeviceStandardReq.o
                               0xe9fb (size before relaxing)
 .debug_str     0x0001b334       0x53 src/LUFA/LUFA/Drivers/USB/Core/Events.o
                               0xd7bc (size before relaxing)
 .debug_str     0x0001b387       0x6e src/LUFA/LUFA/Drivers/USB/Core/USBTask.o
                               0xe3a9 (size before relaxing)
 .debug_str     0x0001b3f5     0x7ee5 src/ASF/common/boards/user_board/init.o
                              0x1c409 (size before relaxing)
 .debug_str     0x000232da      0xd95 src/main.o
                              0x20ee3 (size before relaxing)

.debug_loc      0x00000000    0x12413
 *(.debug_loc)
 .debug_loc     0x00000000      0x787 libscpi/src/error.o
 .debug_loc     0x00000787      0x22e libscpi/src/fifo.o
 .debug_loc     0x000009b5      0xbd3 libscpi/src/ieee488.o
 .debug_loc     0x00001588     0x15e7 libscpi/src/lexer.o
 .debug_loc     0x00002b6f     0x7142 libscpi/src/parser.o
 .debug_loc     0x00009cb1      0x6af libscpi/src/units.o
 .debug_loc     0x0000a360     0x3c8b libscpi/src/utils.o
 .debug_loc     0x0000dfeb      0x226 src/Descriptors.o
 .debug_loc     0x0000e211     0x2923 src/LUFA/LUFA/Drivers/USB/Core/AVR8/EndpointStream_AVR8.o
 .debug_loc     0x00010b34      0x593 src/LUFA/LUFA/Drivers/USB/Core/AVR8/Endpoint_AVR8.o
 .debug_loc     0x000110c7       0xd5 src/LUFA/LUFA/Drivers/USB/Core/AVR8/USBController_AVR8.o
 .debug_loc     0x0001119c      0x428 src/LUFA/LUFA/Drivers/USB/Core/AVR8/USBInterrupt_AVR8.o
 .debug_loc     0x000115c4      0x2ed src/LUFA/LUFA/Drivers/USB/Core/DeviceStandardReq.o
 .debug_loc     0x000118b1       0x49 src/LUFA/LUFA/Drivers/USB/Core/USBTask.o
 .debug_loc     0x000118fa      0xb19 src/main.o

.debug_macinfo
 *(.debug_macinfo)

.debug_weaknames
 *(.debug_weaknames)

.debug_funcnames
 *(.debug_funcnames)

.debug_typenames
 *(.debug_typenames)

.debug_varnames
 *(.debug_varnames)

.debug_pubtypes
 *(.debug_pubtypes)

.debug_ranges   0x00000000     0x1440
 *(.debug_ranges)
 .debug_ranges  0x00000000       0x50 libscpi/src/error.o
 .debug_ranges  0x00000050       0x48 libscpi/src/fifo.o
 .debug_ranges  0x00000098       0xa8 libscpi/src/ieee488.o
 .debug_ranges  0x00000140       0xe8 libscpi/src/lexer.o
 .debug_ranges  0x00000228      0x488 libscpi/src/parser.o
 .debug_ranges  0x000006b0       0x18 libscpi/src/units.o
 .debug_ranges  0x000006c8      0x140 libscpi/src/utils.o
 .debug_ranges  0x00000808       0x10 src/Descriptors.o
 .debug_ranges  0x00000818      0x928 src/LUFA/LUFA/Drivers/USB/Core/AVR8/EndpointStream_AVR8.o
 .debug_ranges  0x00001140      0x190 src/LUFA/LUFA/Drivers/USB/Core/AVR8/Endpoint_AVR8.o
 .debug_ranges  0x000012d0       0x20 src/LUFA/LUFA/Drivers/USB/Core/AVR8/USBController_AVR8.o
 .debug_ranges  0x000012f0       0x28 src/LUFA/LUFA/Drivers/USB/Core/AVR8/USBInterrupt_AVR8.o
 .debug_ranges  0x00001318       0x58 src/LUFA/LUFA/Drivers/USB/Core/DeviceStandardReq.o
 .debug_ranges  0x00001370       0x10 src/LUFA/LUFA/Drivers/USB/Core/Events.o
 .debug_ranges  0x00001380       0x10 src/LUFA/LUFA/Drivers/USB/Core/USBTask.o
 .debug_ranges  0x00001390       0x10 src/ASF/common/boards/user_board/init.o
 .debug_ranges  0x000013a0       0xa0 src/main.o

.debug_macro    0x00000000     0x8ef4
 *(.debug_macro)
 .debug_macro   0x00000000       0xf4 libscpi/src/error.o
 .debug_macro   0x000000f4      0xa8a libscpi/src/error.o
 .debug_macro   0x00000b7e      0x1c9 libscpi/src/error.o
 .debug_macro   0x00000d47       0x16 libscpi/src/error.o
 .debug_macro   0x00000d5d       0x97 libscpi/src/error.o
 .debug_macro   0x00000df4       0x16 libscpi/src/error.o
 .debug_macro   0x00000e0a       0xf6 libscpi/src/error.o
 .debug_macro   0x00000f00       0x46 libscpi/src/error.o
 .debug_macro   0x00000f46       0x1c libscpi/src/error.o
 .debug_macro   0x00000f62       0x35 libscpi/src/error.o
 .debug_macro   0x00000f97       0x5a libscpi/src/error.o
 .debug_macro   0x00000ff1       0x4a libscpi/src/error.o
 .debug_macro   0x0000103b      0x121 libscpi/src/error.o
 .debug_macro   0x0000115c       0x22 libscpi/src/error.o
 .debug_macro   0x0000117e       0x24 libscpi/src/error.o
 .debug_macro   0x000011a2       0x64 libscpi/src/error.o
 .debug_macro   0x00001206       0x6a libscpi/src/error.o
 .debug_macro   0x00001270       0x29 libscpi/src/error.o
 .debug_macro   0x00001299       0x2e libscpi/src/error.o
 .debug_macro   0x000012c7       0x16 libscpi/src/error.o
 .debug_macro   0x000012dd       0x8d libscpi/src/fifo.o
 .debug_macro   0x0000136a      0x16d libscpi/src/fifo.o
 .debug_macro   0x000014d7       0xea libscpi/src/ieee488.o
 .debug_macro   0x000015c1      0x302 libscpi/src/ieee488.o
 .debug_macro   0x000018c3       0x58 libscpi/src/ieee488.o
 .debug_macro   0x0000191b       0x10 libscpi/src/ieee488.o
 .debug_macro   0x0000192b       0xf2 libscpi/src/ieee488.o
 .debug_macro   0x00001a1d      0x100 libscpi/src/lexer.o
 .debug_macro   0x00001b1d       0x10 libscpi/src/lexer.o
 .debug_macro   0x00001b2d      0x2fc libscpi/src/lexer.o
 .debug_macro   0x00001e29       0x20 libscpi/src/lexer.o
 .debug_macro   0x00001e49       0x10 libscpi/src/lexer.o
 .debug_macro   0x00001e59       0xef libscpi/src/parser.o
 .debug_macro   0x00001f48       0x97 libscpi/src/parser.o
 .debug_macro   0x00001fdf       0x10 libscpi/src/parser.o
 .debug_macro   0x00001fef       0xcf libscpi/src/units.o
 .debug_macro   0x000020be      0x12a libscpi/src/utils.o
 .debug_macro   0x000021e8      0x160 libscpi/src/utils.o
 .debug_macro   0x00002348       0x8c libscpi/src/utils.o
 .debug_macro   0x000023d4      0x113 libscpi/src/utils.o
 .debug_macro   0x000024e7       0x28 libscpi/src/utils.o
 .debug_macro   0x0000250f      0x448 src/Descriptors.o
 .debug_macro   0x00002957       0x10 src/Descriptors.o
 .debug_macro   0x00002967       0x89 src/Descriptors.o
 .debug_macro   0x000029f0       0xaa src/Descriptors.o
 .debug_macro   0x00002a9a     0x1953 src/Descriptors.o
 .debug_macro   0x000043ed      0x106 src/Descriptors.o
 .debug_macro   0x000044f3      0x1e0 src/Descriptors.o
 .debug_macro   0x000046d3       0xcb src/Descriptors.o
 .debug_macro   0x0000479e       0x34 src/Descriptors.o
 .debug_macro   0x000047d2       0x18 src/Descriptors.o
 .debug_macro   0x000047ea       0x6c src/Descriptors.o
 .debug_macro   0x00004856      0x181 src/Descriptors.o
 .debug_macro   0x000049d7       0x12 src/Descriptors.o
 .debug_macro   0x000049e9       0x10 src/Descriptors.o
 .debug_macro   0x000049f9       0x22 src/Descriptors.o
 .debug_macro   0x00004a1b      0x1a7 src/Descriptors.o
 .debug_macro   0x00004bc2       0x2f src/Descriptors.o
 .debug_macro   0x00004bf1       0x1c src/Descriptors.o
 .debug_macro   0x00004c0d       0x68 src/Descriptors.o
 .debug_macro   0x00004c75       0x2e src/Descriptors.o
 .debug_macro   0x00004ca3       0x69 src/Descriptors.o
 .debug_macro   0x00004d0c       0x33 src/Descriptors.o
 .debug_macro   0x00004d3f      0x10c src/Descriptors.o
 .debug_macro   0x00004e4b      0x160 src/Descriptors.o
 .debug_macro   0x00004fab       0x10 src/Descriptors.o
 .debug_macro   0x00004fbb       0x1c src/Descriptors.o
 .debug_macro   0x00004fd7       0x86 src/Descriptors.o
 .debug_macro   0x0000505d       0x3c src/Descriptors.o
 .debug_macro   0x00005099       0x20 src/Descriptors.o
 .debug_macro   0x000050b9       0x4d src/Descriptors.o
 .debug_macro   0x00005106       0x73 src/Descriptors.o
 .debug_macro   0x00005179       0x16 src/Descriptors.o
 .debug_macro   0x0000518f       0x12 src/Descriptors.o
 .debug_macro   0x000051a1       0x22 src/Descriptors.o
 .debug_macro   0x000051c3       0x64 src/Descriptors.o
 .debug_macro   0x00005227       0x41 src/Descriptors.o
 .debug_macro   0x00005268       0x10 src/Descriptors.o
 .debug_macro   0x00005278       0x1c src/Descriptors.o
 .debug_macro   0x00005294       0x16 src/Descriptors.o
 .debug_macro   0x000052aa       0x16 src/Descriptors.o
 .debug_macro   0x000052c0      0x12c src/Descriptors.o
 .debug_macro   0x000053ec       0x16 src/Descriptors.o
 .debug_macro   0x00005402       0x46 src/Descriptors.o
 .debug_macro   0x00005448       0x16 src/Descriptors.o
 .debug_macro   0x0000545e      0x154 src/Descriptors.o
 .debug_macro   0x000055b2       0x2a src/Descriptors.o
 .debug_macro   0x000055dc      0x6ce src/Descriptors.o
 .debug_macro   0x00005caa       0x16 src/Descriptors.o
 .debug_macro   0x00005cc0      0x132 src/Descriptors.o
 .debug_macro   0x00005df2       0x16 src/Descriptors.o
 .debug_macro   0x00005e08       0x10 src/Descriptors.o
 .debug_macro   0x00005e18       0x6c src/Descriptors.o
 .debug_macro   0x00005e84       0x16 src/Descriptors.o
 .debug_macro   0x00005e9a       0x1c src/Descriptors.o
 .debug_macro   0x00005eb6       0x16 src/Descriptors.o
 .debug_macro   0x00005ecc       0x10 src/Descriptors.o
 .debug_macro   0x00005edc      0x1be src/Descriptors.o
 .debug_macro   0x0000609a       0x16 src/Descriptors.o
 .debug_macro   0x000060b0       0x22 src/Descriptors.o
 .debug_macro   0x000060d2      0x61d src/LUFA/LUFA/Drivers/USB/Core/AVR8/EndpointStream_AVR8.o
 .debug_macro   0x000066ef       0x28 src/LUFA/LUFA/Drivers/USB/Core/AVR8/EndpointStream_AVR8.o
 .debug_macro   0x00006717       0x1c src/LUFA/LUFA/Drivers/USB/Core/AVR8/EndpointStream_AVR8.o
 .debug_macro   0x00006733       0x1c src/LUFA/LUFA/Drivers/USB/Core/AVR8/EndpointStream_AVR8.o
 .debug_macro   0x0000674f      0x2b4 src/LUFA/LUFA/Drivers/USB/Core/AVR8/Endpoint_AVR8.o
 .debug_macro   0x00006a03       0x10 src/LUFA/LUFA/Drivers/USB/Core/AVR8/Endpoint_AVR8.o
 .debug_macro   0x00006a13      0x286 src/LUFA/LUFA/Drivers/USB/Core/AVR8/USBController_AVR8.o
 .debug_macro   0x00006c99       0x79 src/LUFA/LUFA/Drivers/USB/Core/AVR8/USBController_AVR8.o
 .debug_macro   0x00006d12      0x28e src/LUFA/LUFA/Drivers/USB/Core/AVR8/USBInterrupt_AVR8.o
 .debug_macro   0x00006fa0      0x28c src/LUFA/LUFA/Drivers/USB/Core/DeviceStandardReq.o
 .debug_macro   0x0000722c      0x191 src/LUFA/LUFA/Drivers/USB/Core/Events.o
 .debug_macro   0x000073bd      0x292 src/LUFA/LUFA/Drivers/USB/Core/USBTask.o
 .debug_macro   0x0000764f      0x511 src/ASF/common/boards/user_board/init.o
 .debug_macro   0x00007b60       0x10 src/ASF/common/boards/user_board/init.o
 .debug_macro   0x00007b70      0x6d7 src/ASF/common/boards/user_board/init.o
 .debug_macro   0x00008247       0x43 src/ASF/common/boards/user_board/init.o
 .debug_macro   0x0000828a       0x2b src/ASF/common/boards/user_board/init.o
 .debug_macro   0x000082b5       0x40 src/ASF/common/boards/user_board/init.o
 .debug_macro   0x000082f5      0x100 src/ASF/common/boards/user_board/init.o
 .debug_macro   0x000083f5      0x2cb src/ASF/common/boards/user_board/init.o
 .debug_macro   0x000086c0       0x10 src/ASF/common/boards/user_board/init.o
 .debug_macro   0x000086d0       0x2e src/ASF/common/boards/user_board/init.o
 .debug_macro   0x000086fe       0x2e src/ASF/common/boards/user_board/init.o
 .debug_macro   0x0000872c      0x5e5 src/main.o
 .debug_macro   0x00008d11       0x68 src/main.o
 .debug_macro   0x00008d79       0x9d src/main.o
 .debug_macro   0x00008e16       0x28 src/main.o
 .debug_macro   0x00008e3e       0x8e src/main.o
 .debug_macro   0x00008ecc       0x28 src/main.o
OUTPUT(QualTestSCPI.elf elf32-avr)
LOAD linker stubs
